[DEBUG] inizializzazione bus
[DEBUG] Control Unit created
[DEBUG] Register File created
[DEBUG] Cache Controller created
[DEBUG] inizializzazione cache level
[DEBUG] inizializzazione cache level completata
[DEBUG] Cache Controller created
[DEBUG] inizializzazione cache level
[DEBUG] inizializzazione cache level completata
[DEBUG] Cache Controller created
[DEBUG] inizializzazione cache level
[DEBUG] inizializzazione cache level completata
[DEBUG] Cache Controller created
[DEBUG] inizializzazione cache level
[DEBUG] inizializzazione cache level completata
[DEBUG] Memory Scheduler created
[DEBUG] inizializzazione cache manager
[DEBUG] CPU created
[DEBUG] Bus created
[DEBUG] inizializzazione cpu
[DEBUG] Bus Tick Start
[DEBUG] Device ticked, progress: 1/1
[DEBUG] Executing pipeline operation for the current cycle...
[DEBUG] WRITEBACK STAGE has no valid instruction to process.
[DEBUG] MEMORY STAGE has no valid instruction to process.
[DEBUG] EXECUTE STAGE has no valid instruction to process.
[DEBUG] OPERAND FETCH STAGE has no valid instruction to process.
[DEBUG] DECODE STAGE processing...
[DEBUG] Fetch stage has valid instruction.
[DEBUG] Decoding instruction...
[DEBUG] Decoding instruction: 0x00000000 - 3
[DEBUG] Instruction type: ADD
[DEBUG] Decoded instruction type: ADD
[DEBUG] Instruction decoded and DECODE_COMPLETE event triggered.
[DEBUG] FETCH STAGE processing...
[DEBUG] Incrementing counter
[DEBUG] FetchstageInstructionId: 1
[DEBUG] Starting instruction fetch...
[DEBUG] Starting instruction fetch...
[DEBUG] Fetching instruction at address: 0x0000000000000000
[DEBUG] Cache request sent for instruction fetch.
[DEBUG] FETCH STAGE fetch started.
[DEBUG] Device ticked, progress: 1/1
[DEBUG] Pipeline ticked
[DEBUG] Device ticked, progress: 1/1
[DEBUG] richiesta inserita
[DEBUG] executing operation for cacheL3
[DEBUG] executing operation for cacheL2
[DEBUG] executing operation for cacheL1I
[DEBUG] n di richeiste: 1
[DEBUG] callback scheduler
[DEBUG] processing request 1
[DEBUG] lookup cache
[DEBUG] miss_cache
[DEBUG] gestione miss
[DEBUG] invio a livello successivo
[DEBUG] richiesta inserita
[DEBUG] n di richeiste dopo esecuzione: 0
[DEBUG] executing operation for cacheL1D
[DEBUG] CacheManager ticked
[DEBUG] Bus Tick Start
[DEBUG] Device ticked, progress: 1/1
[DEBUG] Executing pipeline operation for the current cycle...
[DEBUG] WRITEBACK STAGE has no valid instruction to process.
[DEBUG] MEMORY STAGE has no valid instruction to process.
[DEBUG] EXECUTE STAGE has no valid instruction to process.
[DEBUG] OPERAND FETCH STAGE processing...
[DEBUG] Decode-OperandFetch buffer has valid instruction.
[DEBUG] Operand Fetchstage processing...
[DEBUG] Instruction is empty. No Operand Fetch needed.
[DEBUG] DECODE STAGE is not ready.
[DEBUG] FETCH STAGE is waiting for instruction fetch to complete.
[DEBUG] Updating instruction fetch...
[DEBUG] Updating fetch stage...
[DEBUG] No cache response found for instruction ID: 1
[DEBUG] Device ticked, progress: 1/1
[DEBUG] Pipeline ticked
[DEBUG] Device ticked, progress: 1/1
[DEBUG] executing operation for cacheL3
[DEBUG] executing operation for cacheL2
[DEBUG] executing operation for cacheL1I
[DEBUG] executing operation for cacheL1D
[DEBUG] CacheManager ticked
[DEBUG] Bus Tick Start
[DEBUG] Device ticked, progress: 1/1
[DEBUG] Executing pipeline operation for the current cycle...
[DEBUG] WRITEBACK STAGE has no valid instruction to process.
[DEBUG] MEMORY STAGE has no valid instruction to process.
[DEBUG] EXECUTE STAGE has no valid instruction to process.
[DEBUG] OPERAND FETCH STAGE has no valid instruction to process.
[DEBUG] DECODE STAGE is not ready.
[DEBUG] FETCH STAGE is waiting for instruction fetch to complete.
[DEBUG] Updating instruction fetch...
[DEBUG] Updating fetch stage...
[DEBUG] No cache response found for instruction ID: 1
[DEBUG] Device ticked, progress: 1/1
[DEBUG] Pipeline ticked
[DEBUG] Device ticked, progress: 1/1
[DEBUG] executing operation for cacheL3
[DEBUG] executing operation for cacheL2
[DEBUG] n di richeiste: 1
[DEBUG] callback scheduler
[DEBUG] processing request 1
[DEBUG] lookup cache
[DEBUG] miss_cache
[DEBUG] gestione miss
[DEBUG] invio a livello successivo
[DEBUG] richiesta inserita
[DEBUG] n di richeiste dopo esecuzione: 0
[DEBUG] executing operation for cacheL1I
[DEBUG] executing operation for cacheL1D
[DEBUG] CacheManager ticked
[DEBUG] Bus Tick Start
[DEBUG] Device ticked, progress: 1/1
[DEBUG] Executing pipeline operation for the current cycle...
[DEBUG] WRITEBACK STAGE has no valid instruction to process.
[DEBUG] MEMORY STAGE has no valid instruction to process.
[DEBUG] EXECUTE STAGE has no valid instruction to process.
[DEBUG] OPERAND FETCH STAGE has no valid instruction to process.
[DEBUG] DECODE STAGE is not ready.
[DEBUG] FETCH STAGE is waiting for instruction fetch to complete.
[DEBUG] Updating instruction fetch...
[DEBUG] Updating fetch stage...
[DEBUG] No cache response found for instruction ID: 1
[DEBUG] Device ticked, progress: 1/1
[DEBUG] Pipeline ticked
[DEBUG] Device ticked, progress: 1/1
[DEBUG] executing operation for cacheL3
[DEBUG] executing operation for cacheL2
[DEBUG] executing operation for cacheL1I
[DEBUG] executing operation for cacheL1D
[DEBUG] CacheManager ticked
[DEBUG] Bus Tick Start
[DEBUG] Device ticked, progress: 1/1
[DEBUG] Executing pipeline operation for the current cycle...
[DEBUG] WRITEBACK STAGE has no valid instruction to process.
[DEBUG] MEMORY STAGE has no valid instruction to process.
[DEBUG] EXECUTE STAGE has no valid instruction to process.
[DEBUG] OPERAND FETCH STAGE has no valid instruction to process.
[DEBUG] DECODE STAGE is not ready.
[DEBUG] FETCH STAGE is waiting for instruction fetch to complete.
[DEBUG] Updating instruction fetch...
[DEBUG] Updating fetch stage...
[DEBUG] No cache response found for instruction ID: 1
[DEBUG] Device ticked, progress: 1/1
[DEBUG] Pipeline ticked
[DEBUG] Device ticked, progress: 1/1
[DEBUG] executing operation for cacheL3
[DEBUG] executing operation for cacheL2
[DEBUG] executing operation for cacheL1I
[DEBUG] executing operation for cacheL1D
[DEBUG] CacheManager ticked
[DEBUG] Bus Tick Start
[DEBUG] Device ticked, progress: 1/1
[DEBUG] Executing pipeline operation for the current cycle...
[DEBUG] WRITEBACK STAGE has no valid instruction to process.
[DEBUG] MEMORY STAGE has no valid instruction to process.
[DEBUG] EXECUTE STAGE has no valid instruction to process.
[DEBUG] OPERAND FETCH STAGE has no valid instruction to process.
[DEBUG] DECODE STAGE is not ready.
[DEBUG] FETCH STAGE is waiting for instruction fetch to complete.
[DEBUG] Updating instruction fetch...
[DEBUG] Updating fetch stage...
[DEBUG] No cache response found for instruction ID: 1
[DEBUG] Device ticked, progress: 1/1
[DEBUG] Pipeline ticked
[DEBUG] Device ticked, progress: 1/1
[DEBUG] executing operation for cacheL3
[DEBUG] n di richeiste: 1
[DEBUG] callback scheduler
[DEBUG] processing request 1
[DEBUG] lookup cache
[DEBUG] miss_cache
[DEBUG] gestione miss
[DEBUG] invio ram
[DEBUG] richeista inserita in ram
[DEBUG] n di richeiste dopo esecuzione: 0
[DEBUG] executing operation for cacheL2
[DEBUG] executing operation for cacheL1I
[DEBUG] executing operation for cacheL1D
[DEBUG] CacheManager ticked
[DEBUG] Bus Tick Start
[DEBUG] Device ticked, progress: 1/1
[DEBUG] Executing pipeline operation for the current cycle...
[DEBUG] WRITEBACK STAGE has no valid instruction to process.
[DEBUG] MEMORY STAGE has no valid instruction to process.
[DEBUG] EXECUTE STAGE has no valid instruction to process.
[DEBUG] OPERAND FETCH STAGE has no valid instruction to process.
[DEBUG] DECODE STAGE is not ready.
[DEBUG] FETCH STAGE is waiting for instruction fetch to complete.
[DEBUG] Updating instruction fetch...
[DEBUG] Updating fetch stage...
[DEBUG] No cache response found for instruction ID: 1
[DEBUG] Device ticked, progress: 1/1
[DEBUG] Pipeline ticked
[DEBUG] Device ticked, progress: 1/1
[DEBUG] esecuzione ram richeista:1
[DEBUG] lettura ram
[DEBUG] lettura ram completata
[DEBUG] invio originale
[DEBUG] executing operation for cacheL3
[DEBUG] n di richeiste: 1
[DEBUG] callback scheduler
[DEBUG] processing request 0
[DEBUG] fill request ricevuta
[DEBUG] riempimento fill
[DEBUG] set ottenuto
[DEBUG] selezione linea
[DEBUG] linea trovata
[DEBUG] CARICAMENTO LINEA
[DEBUG] RIGA CARICATA
[DEBUG] n di richeiste dopo esecuzione: 0
[DEBUG] executing operation for cacheL2
[DEBUG] n di richeiste: 1
[DEBUG] callback scheduler
[DEBUG] processing request 0
[DEBUG] fill request ricevuta
[DEBUG] riempimento fill
[DEBUG] set ottenuto
[DEBUG] selezione linea
[DEBUG] linea trovata
[DEBUG] CARICAMENTO LINEA
[DEBUG] RIGA CARICATA
[DEBUG] n di richeiste dopo esecuzione: 0
[DEBUG] executing operation for cacheL1I
[DEBUG] n di richeiste: 2
[DEBUG] callback scheduler
[DEBUG] processing request 0
[DEBUG] fill request ricevuta
[DEBUG] riempimento fill
[DEBUG] set ottenuto
[DEBUG] selezione linea
[DEBUG] linea trovata
[DEBUG] CARICAMENTO LINEA
[DEBUG] RIGA CARICATA
[DEBUG] n di richeiste dopo esecuzione: 1
[DEBUG] n di richeiste: 1
[DEBUG] callback scheduler
[DEBUG] processing request 1
[DEBUG] lookup cache
[DEBUG] hit cache
[DEBUG] read single line
[DEBUG] n di richeiste dopo esecuzione: 0
[DEBUG] executing operation for cacheL1D
[DEBUG] CacheManager ticked
[DEBUG] Bus Tick Start
[DEBUG] Device ticked, progress: 1/1
[DEBUG] Executing pipeline operation for the current cycle...
[DEBUG] WRITEBACK STAGE has no valid instruction to process.
[DEBUG] MEMORY STAGE has no valid instruction to process.
[DEBUG] EXECUTE STAGE has no valid instruction to process.
[DEBUG] OPERAND FETCH STAGE has no valid instruction to process.
[DEBUG] DECODE STAGE is not ready.
[DEBUG] FETCH STAGE instruction fetch completed.
[DEBUG] Fetching instruction...
[DEBUG] Fetching instruction from memory...
[DEBUG] Searching for cache response for instruction ID: 1
[DEBUG] Byte 0: 0x0000002c
[DEBUG] Byte 1: 0x00000003
[DEBUG] Byte 2: 0x0000002d
[DEBUG] Byte 3: 0x00000005
[DEBUG] Byte 4: 0x00000000
[DEBUG] Byte 5: 0x00000000
[DEBUG] Byte 6: 0x00000000
[DEBUG] Byte 7: 0x00000080
[DEBUG] Byte 8: 0x000000eb
[DEBUG] Byte 9: 0x00000001
[DEBUG] Byte 10: 0x00000081
[DEBUG] Byte 11: 0x000000e9
[DEBUG] Byte 12: 0x000000ff
[DEBUG] Byte 13: 0x000000ff
[DEBUG] Byte 14: 0x000000ff
[DEBUG] Byte 15: 0x000000ff
[DEBUG] Opcode: 0x0000002c
[DEBUG] Prefix Count: 0
[DEBUG] Total Length: 2
[DEBUG] Opcode Length: 1
[DEBUG] Additional Bytes: 1
[DEBUG] Description: SUB AL, imm8
[DEBUG] Number of Operands: 1
[DEBUG] Operand Length: 1
[DEBUG] Instruction: 
[DEBUG] Byte: 0x0000002c
[DEBUG] Byte: 0x00000003
[DEBUG] IR: 0x0000000000000002
[DEBUG] Device ticked, progress: 1/1
[DEBUG] Pipeline ticked
[DEBUG] Device ticked, progress: 1/1
[DEBUG] executing operation for cacheL3
[DEBUG] executing operation for cacheL2
[DEBUG] executing operation for cacheL1I
[DEBUG] executing operation for cacheL1D
[DEBUG] CacheManager ticked
[DEBUG] Bus Tick Start
[DEBUG] Device ticked, progress: 1/1
[DEBUG] Executing pipeline operation for the current cycle...
[DEBUG] WRITEBACK STAGE has no valid instruction to process.
[DEBUG] MEMORY STAGE has no valid instruction to process.
[DEBUG] EXECUTE STAGE has no valid instruction to process.
[DEBUG] OPERAND FETCH STAGE has no valid instruction to process.
[DEBUG] DECODE STAGE processing...
[DEBUG] Fetch-Decode buffer has valid instruction.
[DEBUG] Decoding instruction...
[DEBUG] Decoding instruction: 0x0000002c - 0
[DEBUG] Instruction type: SUB
[DEBUG] Decoded instruction type: SUB
[DEBUG] Instruction decoded and DECODE_COMPLETE event triggered.
[DEBUG] FETCH STAGE processing...
[DEBUG] Incrementing counter
[DEBUG] FetchstageInstructionId: 2
[DEBUG] Starting instruction fetch...
[DEBUG] Starting instruction fetch...
[DEBUG] Fetching instruction at address: 0x0000000000000002
[DEBUG] Cache request sent for instruction fetch.
[DEBUG] FETCH STAGE fetch started.
[DEBUG] Device ticked, progress: 1/1
[DEBUG] Pipeline ticked
[DEBUG] Device ticked, progress: 1/1
[DEBUG] richiesta inserita
[DEBUG] executing operation for cacheL3
[DEBUG] executing operation for cacheL2
[DEBUG] executing operation for cacheL1I
[DEBUG] n di richeiste: 1
[DEBUG] callback scheduler
[DEBUG] processing request 2
[DEBUG] lookup cache
[DEBUG] hit cache
[DEBUG] read single line
[DEBUG] n di richeiste dopo esecuzione: 0
[DEBUG] executing operation for cacheL1D
[DEBUG] CacheManager ticked
[DEBUG] Bus Tick Start
[DEBUG] Device ticked, progress: 1/1
[DEBUG] Executing pipeline operation for the current cycle...
[DEBUG] WRITEBACK STAGE has no valid instruction to process.
[DEBUG] MEMORY STAGE has no valid instruction to process.
[DEBUG] EXECUTE STAGE has no valid instruction to process.
[DEBUG] OPERAND FETCH STAGE processing...
[DEBUG] Decode-OperandFetch buffer has valid instruction.
[DEBUG] Operand Fetchstage processing...
[DEBUG] DECODE STAGE is not ready.
[DEBUG] FETCH STAGE instruction fetch completed.
[DEBUG] Fetching instruction...
[DEBUG] Fetching instruction from memory...
[DEBUG] Searching for cache response for instruction ID: 2
[DEBUG] Byte 0: 0x0000002d
[DEBUG] Byte 1: 0x00000005
[DEBUG] Byte 2: 0x00000000
[DEBUG] Byte 3: 0x00000000
[DEBUG] Byte 4: 0x00000000
[DEBUG] Byte 5: 0x00000080
[DEBUG] Byte 6: 0x000000eb
[DEBUG] Byte 7: 0x00000001
[DEBUG] Byte 8: 0x00000081
[DEBUG] Byte 9: 0x000000e9
[DEBUG] Byte 10: 0x000000ff
[DEBUG] Byte 11: 0x000000ff
[DEBUG] Byte 12: 0x000000ff
[DEBUG] Byte 13: 0x000000ff
[DEBUG] Byte 14: 0x00000083
[DEBUG] Byte 15: 0x000000ea
[DEBUG] Opcode: 0x0000002d
[DEBUG] Prefix Count: 0
[DEBUG] Total Length: 5
[DEBUG] Opcode Length: 1
[DEBUG] Additional Bytes: 4
[DEBUG] Description: SUB  AX/EAX/RAX, imm16/imm32/imm64
[DEBUG] Number of Operands: 1
[DEBUG] Operand Length: 4
[DEBUG] Instruction: 
[DEBUG] Byte: 0x0000002d
[DEBUG] Byte: 0x00000005
[DEBUG] Byte: 0x00000000
[DEBUG] Byte: 0x00000000
[DEBUG] Byte: 0x00000000
[DEBUG] IR: 0x0000000000000007
[DEBUG] SUB_I
[DEBUG] ExecuteEngine: Operands fetched for instruction with ID 1
[DEBUG] ExecuteEngine: Triggered OPERAND_FETCH_COMPLETE  event for instruction with ID 1
[DEBUG] Device ticked, progress: 1/1
[DEBUG] Pipeline ticked
[DEBUG] Device ticked, progress: 1/1
[DEBUG] executing operation for cacheL3
[DEBUG] executing operation for cacheL2
[DEBUG] executing operation for cacheL1I
[DEBUG] executing operation for cacheL1D
[DEBUG] CacheManager ticked
[DEBUG] Bus Tick Start
[DEBUG] Device ticked, progress: 1/1
[DEBUG] Executing pipeline operation for the current cycle...
[DEBUG] WRITEBACK STAGE has no valid instruction to process.
[DEBUG] MEMORY STAGE has no valid instruction to process.
[DEBUG] EXECUTE STAGE processing...
[DEBUG] OperandFetch-Execute buffer has valid instruction.
[DEBUG] Executionstage processing...
[DEBUG] OPERAND FETCH STAGE has no valid instruction to process.
[DEBUG] DECODE STAGE processing...
[DEBUG] Fetch-Decode buffer has valid instruction.
[DEBUG] Decoding instruction...
[DEBUG] Decoding instruction: 0x0000002d - 0
[DEBUG] Instruction type: SUB
[DEBUG] Decoded instruction type: SUB
[DEBUG] Instruction decoded and DECODE_COMPLETE event triggered.
[DEBUG] FETCH STAGE processing...
[DEBUG] Incrementing counter
[DEBUG] FetchstageInstructionId: 3
[DEBUG] Starting instruction fetch...
[DEBUG] Starting instruction fetch...
[DEBUG] Fetching instruction at address: 0x0000000000000007
[DEBUG] Cache request sent for instruction fetch.
[DEBUG] FETCH STAGE fetch started.
[DEBUG] ExecuteEngine: Starting execution for instruction with ID 1
[DEBUG] Device ticked, progress: 1/1
[DEBUG] OperandEngine: Reading operand of type 2 for instruction with ID 1
[DEBUG] Reading from immediate operand.
[DEBUG] OperandEngine: Reading operand of type 0 for instruction with ID 1
[DEBUG] Reading from register operand.
[DEBUG] OperandEngine: register read completed for instruction with ID 1
[DEBUG] ExecuteEngine: Executing instruction with ID 1
[DEBUG] ExecuteEngine: Source Operand Value: 3
[DEBUG] ExecuteEngine: Destination Operand Value: 0
[DEBUG] ALU: Executing operation SUB with source value 0x0000000000000003 and destination value 0x0000000000000000.
[DEBUG] Subtraction executed
[DEBUG] Result: 0x00000000000000fd
[DEBUG] Pipeline ticked
[DEBUG] Device ticked, progress: 1/1
[DEBUG] richiesta inserita
[DEBUG] executing operation for cacheL3
[DEBUG] executing operation for cacheL2
[DEBUG] executing operation for cacheL1I
[DEBUG] n di richeiste: 1
[DEBUG] callback scheduler
[DEBUG] processing request 3
[DEBUG] lookup cache
[DEBUG] hit cache
[DEBUG] read single line
[DEBUG] n di richeiste dopo esecuzione: 0
[DEBUG] executing operation for cacheL1D
[DEBUG] CacheManager ticked
[DEBUG] Bus Tick Start
[DEBUG] Device ticked, progress: 1/1
[DEBUG] Executing pipeline operation for the current cycle...
[DEBUG] WRITEBACK STAGE has no valid instruction to process.
[DEBUG] MEMORY STAGE processing...
[DEBUG] Execute-Memory buffer has valid instruction.
[DEBUG] Memory Accessstage processing...
[DEBUG] EXECUTE STAGE has no valid instruction to process.
[DEBUG] OPERAND FETCH STAGE processing...
[DEBUG] Decode-OperandFetch buffer has valid instruction.
[DEBUG] Operand Fetchstage processing...
[DEBUG] DECODE STAGE is not ready.
[DEBUG] FETCH STAGE instruction fetch completed.
[DEBUG] Fetching instruction...
[DEBUG] Fetching instruction from memory...
[DEBUG] Searching for cache response for instruction ID: 3
[DEBUG] Byte 0: 0x00000080
[DEBUG] Byte 1: 0x000000eb
[DEBUG] Byte 2: 0x00000001
[DEBUG] Byte 3: 0x00000081
[DEBUG] Byte 4: 0x000000e9
[DEBUG] Byte 5: 0x000000ff
[DEBUG] Byte 6: 0x000000ff
[DEBUG] Byte 7: 0x000000ff
[DEBUG] Byte 8: 0x000000ff
[DEBUG] Byte 9: 0x00000083
[DEBUG] Byte 10: 0x000000ea
[DEBUG] Byte 11: 0x00000002
[DEBUG] Byte 12: 0x00000028
[DEBUG] Byte 13: 0x000000d8
[DEBUG] Byte 14: 0x00000029
[DEBUG] Byte 15: 0x000000d8
[DEBUG] Opcode is part of a group of instructions
[DEBUG] Real Opcode: 0x00008005
[DEBUG] Mod: 0x00000003
[DEBUG] Reg: 0x00000005
[DEBUG] R/M: 0x00000003
[DEBUG] Opcode: 0x00008005
[DEBUG] Prefix Count: 0
[DEBUG] Total Length: 3
[DEBUG] Opcode Length: 1
[DEBUG] Additional Bytes: 2
[DEBUG] Description: SUB r/m8, imm8
[DEBUG] Number of Operands: 2
[DEBUG] Operand Length: 1
[DEBUG] Instruction: 
[DEBUG] Byte: 0x00000080
[DEBUG] Byte: 0x000000eb
[DEBUG] Byte: 0x00000001
[DEBUG] IR: 0x000000000000000a
[DEBUG] No memory access needed for SubInstruction (not register to memory).
[DEBUG] SUB_I
[DEBUG] ExecuteEngine: Operands fetched for instruction with ID 2
[DEBUG] ExecuteEngine: Triggered OPERAND_FETCH_COMPLETE  event for instruction with ID 2
[DEBUG] Device ticked, progress: 1/1
[DEBUG] Pipeline ticked
[DEBUG] Device ticked, progress: 1/1
[DEBUG] executing operation for cacheL3
[DEBUG] executing operation for cacheL2
[DEBUG] executing operation for cacheL1I
[DEBUG] executing operation for cacheL1D
[DEBUG] CacheManager ticked
[DEBUG] Bus Tick Start
[DEBUG] Device ticked, progress: 1/1
[DEBUG] Executing pipeline operation for the current cycle...
[DEBUG] WRITEBACK STAGE processing...
[DEBUG] Memory stage has valid instruction.
[DEBUG] Write Backstage processing...
[DEBUG] MEMORY STAGE has no valid instruction to process.
[DEBUG] EXECUTE STAGE processing...
[DEBUG] OperandFetch-Execute buffer has valid instruction.
[DEBUG] Executionstage processing...
[DEBUG] OPERAND FETCH STAGE has no valid instruction to process.
[DEBUG] DECODE STAGE processing...
[DEBUG] Fetch-Decode buffer has valid instruction.
[DEBUG] Decoding instruction...
[DEBUG] Decoding instruction: 0x00008005 - 2
[DEBUG] Instruction type: SUB
[DEBUG] Decoded instruction type: SUB
[DEBUG] Instruction decoded and DECODE_COMPLETE event triggered.
[DEBUG] FETCH STAGE processing...
[DEBUG] Incrementing counter
[DEBUG] FetchstageInstructionId: 4
[DEBUG] Starting instruction fetch...
[DEBUG] Starting instruction fetch...
[DEBUG] Fetching instruction at address: 0x000000000000000a
[DEBUG] Cache request sent for instruction fetch.
[DEBUG] FETCH STAGE fetch started.
[DEBUG] Writing back result for SubInstruction.
[DEBUG] ExecuteEngine: Starting execution for instruction with ID 2
[DEBUG] Device ticked, progress: 1/1
[DEBUG] OperandEngine: Writing value 253 to operand of type 0 for instruction with ID 1
[DEBUG] Writing to register operand.
[DEBUG] OperandEngine: Setting register value to 253 for operand of type 0
[DEBUG] OperandEngine: register write completed for instruction with ID 1
[DEBUG] OperandEngine: Reading operand of type 2 for instruction with ID 2
[DEBUG] Reading from immediate operand.
[DEBUG] OperandEngine: Reading operand of type 0 for instruction with ID 2
[DEBUG] Reading from register operand.
[DEBUG] OperandEngine: register read completed for instruction with ID 2
[DEBUG] ExecuteEngine: Executing instruction with ID 2
[DEBUG] ExecuteEngine: Source Operand Value: 5
[DEBUG] ExecuteEngine: Destination Operand Value: 253
[DEBUG] ALU: Executing operation SUB with source value 0x0000000000000005 and destination value 0x00000000000000fd.
[DEBUG] Subtraction executed
[DEBUG] Result: 0x00000000000000f8
[DEBUG] Pipeline ticked
[DEBUG] Device ticked, progress: 1/1
[DEBUG] richiesta inserita
[DEBUG] executing operation for cacheL3
[DEBUG] executing operation for cacheL2
[DEBUG] executing operation for cacheL1I
[DEBUG] n di richeiste: 1
[DEBUG] callback scheduler
[DEBUG] processing request 4
[DEBUG] lookup cache
[DEBUG] hit cache
[DEBUG] read single line
[DEBUG] n di richeiste dopo esecuzione: 0
[DEBUG] executing operation for cacheL1D
[DEBUG] CacheManager ticked
[DEBUG] Bus Tick Start
[DEBUG] Device ticked, progress: 1/1
[DEBUG] Executing pipeline operation for the current cycle...
[DEBUG] WRITEBACK STAGE has no valid instruction to process.
[DEBUG] MEMORY STAGE processing...
[DEBUG] Execute-Memory buffer has valid instruction.
[DEBUG] Memory Accessstage processing...
[DEBUG] EXECUTE STAGE has no valid instruction to process.
[DEBUG] OPERAND FETCH STAGE processing...
[DEBUG] Decode-OperandFetch buffer has valid instruction.
[DEBUG] Operand Fetchstage processing...
[DEBUG] DECODE STAGE is not ready.
[DEBUG] FETCH STAGE instruction fetch completed.
[DEBUG] Fetching instruction...
[DEBUG] Fetching instruction from memory...
[DEBUG] Searching for cache response for instruction ID: 4
[DEBUG] Byte 0: 0x00000081
[DEBUG] Byte 1: 0x000000e9
[DEBUG] Byte 2: 0x000000ff
[DEBUG] Byte 3: 0x000000ff
[DEBUG] Byte 4: 0x000000ff
[DEBUG] Byte 5: 0x000000ff
[DEBUG] Byte 6: 0x00000083
[DEBUG] Byte 7: 0x000000ea
[DEBUG] Byte 8: 0x00000002
[DEBUG] Byte 9: 0x00000028
[DEBUG] Byte 10: 0x000000d8
[DEBUG] Byte 11: 0x00000029
[DEBUG] Byte 12: 0x000000d8
[DEBUG] Byte 13: 0x0000002a
[DEBUG] Byte 14: 0x000000d8
[DEBUG] Byte 15: 0x0000002b
[DEBUG] Opcode is part of a group of instructions
[DEBUG] Real Opcode: 0x00008105
[DEBUG] Mod: 0x00000003
[DEBUG] Reg: 0x00000005
[DEBUG] R/M: 0x00000001
[DEBUG] Opcode: 0x00008105
[DEBUG] Prefix Count: 0
[DEBUG] Total Length: 6
[DEBUG] Opcode Length: 1
[DEBUG] Additional Bytes: 5
[DEBUG] Description: SUB r/m16/32/64, imm16/32/64
[DEBUG] Number of Operands: 2
[DEBUG] Operand Length: 4
[DEBUG] Instruction: 
[DEBUG] Byte: 0x00000081
[DEBUG] Byte: 0x000000e9
[DEBUG] Byte: 0x000000ff
[DEBUG] Byte: 0x000000ff
[DEBUG] Byte: 0x000000ff
[DEBUG] Byte: 0x000000ff
[DEBUG] IR: 0x0000000000000010
[DEBUG] No memory access needed for SubInstruction (not register to memory).
[DEBUG] SUB_MI
[DEBUG] ExecuteEngine: Operands fetched for instruction with ID 3
[DEBUG] ExecuteEngine: Triggered OPERAND_FETCH_COMPLETE  event for instruction with ID 3
[DEBUG] Device ticked, progress: 1/1
[DEBUG] Pipeline ticked
[DEBUG] Device ticked, progress: 1/1
[DEBUG] executing operation for cacheL3
[DEBUG] executing operation for cacheL2
[DEBUG] executing operation for cacheL1I
[DEBUG] executing operation for cacheL1D
[DEBUG] CacheManager ticked
[DEBUG] Bus Tick Start
[DEBUG] Device ticked, progress: 1/1
[DEBUG] Executing pipeline operation for the current cycle...
[DEBUG] WRITEBACK STAGE processing...
[DEBUG] Memory stage has valid instruction.
[DEBUG] Write Backstage processing...
[DEBUG] MEMORY STAGE has no valid instruction to process.
[DEBUG] EXECUTE STAGE processing...
[DEBUG] OperandFetch-Execute buffer has valid instruction.
[DEBUG] Executionstage processing...
[DEBUG] OPERAND FETCH STAGE has no valid instruction to process.
[DEBUG] DECODE STAGE processing...
[DEBUG] Fetch-Decode buffer has valid instruction.
[DEBUG] Decoding instruction...
[DEBUG] Decoding instruction: 0x00008105 - 2
[DEBUG] Instruction type: SUB
[DEBUG] Decoded instruction type: SUB
[DEBUG] Instruction decoded and DECODE_COMPLETE event triggered.
[DEBUG] FETCH STAGE processing...
[DEBUG] Incrementing counter
[DEBUG] FetchstageInstructionId: 5
[DEBUG] Starting instruction fetch...
[DEBUG] Starting instruction fetch...
[DEBUG] Fetching instruction at address: 0x0000000000000010
[DEBUG] Cache request sent for instruction fetch.
[DEBUG] FETCH STAGE fetch started.
[DEBUG] Writing back result for SubInstruction.
[DEBUG] ExecuteEngine: Starting execution for instruction with ID 3
[DEBUG] Device ticked, progress: 1/1
[DEBUG] OperandEngine: Writing value 248 to operand of type 0 for instruction with ID 2
[DEBUG] Writing to register operand.
[DEBUG] OperandEngine: Setting register value to 248 for operand of type 0
[DEBUG] OperandEngine: register write completed for instruction with ID 2
[DEBUG] OperandEngine: Reading operand of type 2 for instruction with ID 3
[DEBUG] Reading from immediate operand.
[DEBUG] OperandEngine: Reading operand of type 0 for instruction with ID 3
[DEBUG] Reading from register operand.
[DEBUG] OperandEngine: register read completed for instruction with ID 3
[DEBUG] ExecuteEngine: Executing instruction with ID 3
[DEBUG] ExecuteEngine: Source Operand Value: 1
[DEBUG] ExecuteEngine: Destination Operand Value: 0
[DEBUG] ALU: Executing operation SUB with source value 0x0000000000000001 and destination value 0x0000000000000000.
[DEBUG] Subtraction executed
[DEBUG] Result: 0x00000000000000ff
[DEBUG] Pipeline ticked
[DEBUG] Device ticked, progress: 1/1
[DEBUG] richiesta inserita
[DEBUG] executing operation for cacheL3
[DEBUG] executing operation for cacheL2
[DEBUG] executing operation for cacheL1I
[DEBUG] n di richeiste: 1
[DEBUG] callback scheduler
[DEBUG] processing request 5
[DEBUG] lookup cache
[DEBUG] hit cache
[DEBUG] read single line
[DEBUG] n di richeiste dopo esecuzione: 0
[DEBUG] executing operation for cacheL1D
[DEBUG] CacheManager ticked
[DEBUG] Bus Tick Start
[DEBUG] Device ticked, progress: 1/1
[DEBUG] Executing pipeline operation for the current cycle...
[DEBUG] WRITEBACK STAGE has no valid instruction to process.
[DEBUG] MEMORY STAGE processing...
[DEBUG] Execute-Memory buffer has valid instruction.
[DEBUG] Memory Accessstage processing...
[DEBUG] EXECUTE STAGE has no valid instruction to process.
[DEBUG] OPERAND FETCH STAGE processing...
[DEBUG] Decode-OperandFetch buffer has valid instruction.
[DEBUG] Operand Fetchstage processing...
[DEBUG] DECODE STAGE is not ready.
[DEBUG] FETCH STAGE instruction fetch completed.
[DEBUG] Fetching instruction...
[DEBUG] Fetching instruction from memory...
[DEBUG] Searching for cache response for instruction ID: 5
[DEBUG] Byte 0: 0x00000083
[DEBUG] Byte 1: 0x000000ea
[DEBUG] Byte 2: 0x00000002
[DEBUG] Byte 3: 0x00000028
[DEBUG] Byte 4: 0x000000d8
[DEBUG] Byte 5: 0x00000029
[DEBUG] Byte 6: 0x000000d8
[DEBUG] Byte 7: 0x0000002a
[DEBUG] Byte 8: 0x000000d8
[DEBUG] Byte 9: 0x0000002b
[DEBUG] Byte 10: 0x000000d8
[DEBUG] Byte 11: 0x00000000
[DEBUG] Byte 12: 0x00000000
[DEBUG] Byte 13: 0x00000000
[DEBUG] Byte 14: 0x00000000
[DEBUG] Byte 15: 0x00000000
[DEBUG] Opcode is part of a group of instructions
[DEBUG] Real Opcode: 0x00008305
[DEBUG] Mod: 0x00000003
[DEBUG] Reg: 0x00000005
[DEBUG] R/M: 0x00000002
[DEBUG] Opcode: 0x00008305
[DEBUG] Prefix Count: 0
[DEBUG] Total Length: 3
[DEBUG] Opcode Length: 1
[DEBUG] Additional Bytes: 2
[DEBUG] Description: SUB r/m16/32/64, imm8
[DEBUG] Number of Operands: 2
[DEBUG] Operand Length: 1
[DEBUG] Instruction: 
[DEBUG] Byte: 0x00000083
[DEBUG] Byte: 0x000000ea
[DEBUG] Byte: 0x00000002
[DEBUG] IR: 0x0000000000000013
[DEBUG] No memory access needed for SubInstruction (not register to memory).
[DEBUG] SUB_MI
[DEBUG] ExecuteEngine: Operands fetched for instruction with ID 4
[DEBUG] ExecuteEngine: Triggered OPERAND_FETCH_COMPLETE  event for instruction with ID 4
[DEBUG] Device ticked, progress: 1/1
[DEBUG] Pipeline ticked
[DEBUG] Device ticked, progress: 1/1
[DEBUG] executing operation for cacheL3
[DEBUG] executing operation for cacheL2
[DEBUG] executing operation for cacheL1I
[DEBUG] executing operation for cacheL1D
[DEBUG] CacheManager ticked
[DEBUG] Bus Tick Start
[DEBUG] Device ticked, progress: 1/1
[DEBUG] Executing pipeline operation for the current cycle...
[DEBUG] WRITEBACK STAGE processing...
[DEBUG] Memory stage has valid instruction.
[DEBUG] Write Backstage processing...
[DEBUG] MEMORY STAGE has no valid instruction to process.
[DEBUG] EXECUTE STAGE processing...
[DEBUG] OperandFetch-Execute buffer has valid instruction.
[DEBUG] Executionstage processing...
[DEBUG] OPERAND FETCH STAGE has no valid instruction to process.
[DEBUG] DECODE STAGE processing...
[DEBUG] Fetch-Decode buffer has valid instruction.
[DEBUG] Decoding instruction...
[DEBUG] Decoding instruction: 0x00008305 - 2
[DEBUG] Instruction type: SUB
[DEBUG] Decoded instruction type: SUB
[DEBUG] Instruction decoded and DECODE_COMPLETE event triggered.
[DEBUG] FETCH STAGE processing...
[DEBUG] Incrementing counter
[DEBUG] FetchstageInstructionId: 6
[DEBUG] Starting instruction fetch...
[DEBUG] Starting instruction fetch...
[DEBUG] Fetching instruction at address: 0x0000000000000013
[DEBUG] Cache request sent for instruction fetch.
[DEBUG] FETCH STAGE fetch started.
[DEBUG] Writing back result for SubInstruction.
[DEBUG] ExecuteEngine: Starting execution for instruction with ID 4
[DEBUG] Device ticked, progress: 1/1
[DEBUG] OperandEngine: Writing value 255 to operand of type 0 for instruction with ID 3
[DEBUG] Writing to register operand.
[DEBUG] OperandEngine: Setting register value to 255 for operand of type 0
[DEBUG] OperandEngine: register write completed for instruction with ID 3
[DEBUG] OperandEngine: Reading operand of type 2 for instruction with ID 4
[DEBUG] Reading from immediate operand.
[DEBUG] OperandEngine: Reading operand of type 0 for instruction with ID 4
[DEBUG] Reading from register operand.
[DEBUG] OperandEngine: register read completed for instruction with ID 4
[DEBUG] ExecuteEngine: Executing instruction with ID 4
[DEBUG] ExecuteEngine: Source Operand Value: 4294967295
[DEBUG] ExecuteEngine: Destination Operand Value: 0
[DEBUG] ALU: Executing operation SUB with source value 0x00000000ffffffff and destination value 0x0000000000000000.
[DEBUG] Subtraction executed
[DEBUG] Result: 0x0000000000000001
[DEBUG] Pipeline ticked
[DEBUG] Device ticked, progress: 1/1
[DEBUG] richiesta inserita
[DEBUG] executing operation for cacheL3
[DEBUG] executing operation for cacheL2
[DEBUG] executing operation for cacheL1I
[DEBUG] n di richeiste: 1
[DEBUG] callback scheduler
[DEBUG] processing request 6
[DEBUG] lookup cache
[DEBUG] hit cache
[DEBUG] read single line
[DEBUG] n di richeiste dopo esecuzione: 0
[DEBUG] executing operation for cacheL1D
[DEBUG] CacheManager ticked
[DEBUG] Bus Tick Start
[DEBUG] Device ticked, progress: 1/1
[DEBUG] Executing pipeline operation for the current cycle...
[DEBUG] WRITEBACK STAGE has no valid instruction to process.
[DEBUG] MEMORY STAGE processing...
[DEBUG] Execute-Memory buffer has valid instruction.
[DEBUG] Memory Accessstage processing...
[DEBUG] EXECUTE STAGE has no valid instruction to process.
[DEBUG] OPERAND FETCH STAGE processing...
[DEBUG] Decode-OperandFetch buffer has valid instruction.
[DEBUG] Operand Fetchstage processing...
[DEBUG] DECODE STAGE is not ready.
[DEBUG] FETCH STAGE instruction fetch completed.
[DEBUG] Fetching instruction...
[DEBUG] Fetching instruction from memory...
[DEBUG] Searching for cache response for instruction ID: 6
[DEBUG] Byte 0: 0x00000028
[DEBUG] Byte 1: 0x000000d8
[DEBUG] Byte 2: 0x00000029
[DEBUG] Byte 3: 0x000000d8
[DEBUG] Byte 4: 0x0000002a
[DEBUG] Byte 5: 0x000000d8
[DEBUG] Byte 6: 0x0000002b
[DEBUG] Byte 7: 0x000000d8
[DEBUG] Byte 8: 0x00000000
[DEBUG] Byte 9: 0x00000000
[DEBUG] Byte 10: 0x00000000
[DEBUG] Byte 11: 0x00000000
[DEBUG] Byte 12: 0x00000000
[DEBUG] Byte 13: 0x00000000
[DEBUG] Byte 14: 0x00000000
[DEBUG] Byte 15: 0x00000000
[DEBUG] Mod: 0x00000003
[DEBUG] Reg: 0x00000003
[DEBUG] R/M: 0x00000000
[DEBUG] Opcode: 0x00000028
[DEBUG] Prefix Count: 0
[DEBUG] Total Length: 2
[DEBUG] Opcode Length: 1
[DEBUG] Additional Bytes: 1
[DEBUG] Description: SUB r/m8 , r8
[DEBUG] Number of Operands: 2
[DEBUG] Operand Length: 1
[DEBUG] Instruction: 
[DEBUG] Byte: 0x00000028
[DEBUG] Byte: 0x000000d8
[DEBUG] IR: 0x0000000000000015
[DEBUG] No memory access needed for SubInstruction (not register to memory).
[DEBUG] SUB_MI
[DEBUG] ExecuteEngine: Operands fetched for instruction with ID 5
[DEBUG] ExecuteEngine: Triggered OPERAND_FETCH_COMPLETE  event for instruction with ID 5
[DEBUG] Device ticked, progress: 1/1
[DEBUG] Pipeline ticked
[DEBUG] Device ticked, progress: 1/1
[DEBUG] executing operation for cacheL3
[DEBUG] executing operation for cacheL2
[DEBUG] executing operation for cacheL1I
[DEBUG] executing operation for cacheL1D
[DEBUG] CacheManager ticked
[DEBUG] Bus Tick Start
[DEBUG] Device ticked, progress: 1/1
[DEBUG] Executing pipeline operation for the current cycle...
[DEBUG] WRITEBACK STAGE processing...
[DEBUG] Memory stage has valid instruction.
[DEBUG] Write Backstage processing...
[DEBUG] MEMORY STAGE has no valid instruction to process.
[DEBUG] EXECUTE STAGE processing...
[DEBUG] OperandFetch-Execute buffer has valid instruction.
[DEBUG] Executionstage processing...
[DEBUG] OPERAND FETCH STAGE has no valid instruction to process.
[DEBUG] DECODE STAGE processing...
[DEBUG] Fetch-Decode buffer has valid instruction.
[DEBUG] Decoding instruction...
[DEBUG] Decoding instruction: 0x00000028 - 3
[DEBUG] Instruction type: SUB
[DEBUG] Decoded instruction type: SUB
[DEBUG] Instruction decoded and DECODE_COMPLETE event triggered.
[DEBUG] FETCH STAGE processing...
[DEBUG] Incrementing counter
[DEBUG] FetchstageInstructionId: 7
[DEBUG] Starting instruction fetch...
[DEBUG] Starting instruction fetch...
[DEBUG] Fetching instruction at address: 0x0000000000000015
[DEBUG] Cache request sent for instruction fetch.
[DEBUG] FETCH STAGE fetch started.
[DEBUG] Writing back result for SubInstruction.
[DEBUG] ExecuteEngine: Starting execution for instruction with ID 5
[DEBUG] Device ticked, progress: 1/1
[DEBUG] OperandEngine: Writing value 1 to operand of type 0 for instruction with ID 4
[DEBUG] Writing to register operand.
[DEBUG] OperandEngine: Setting register value to 1 for operand of type 0
[DEBUG] OperandEngine: register write completed for instruction with ID 4
[DEBUG] OperandEngine: Reading operand of type 2 for instruction with ID 5
[DEBUG] Reading from immediate operand.
[DEBUG] OperandEngine: Reading operand of type 0 for instruction with ID 5
[DEBUG] Reading from register operand.
[DEBUG] OperandEngine: register read completed for instruction with ID 5
[DEBUG] ExecuteEngine: Executing instruction with ID 5
[DEBUG] ExecuteEngine: Source Operand Value: 2
[DEBUG] ExecuteEngine: Destination Operand Value: 0
[DEBUG] ALU: Executing operation SUB with source value 0x0000000000000002 and destination value 0x0000000000000000.
[DEBUG] Subtraction executed
[DEBUG] Result: 0x00000000fffffffe
[DEBUG] Pipeline ticked
[DEBUG] Device ticked, progress: 1/1
[DEBUG] richiesta inserita
[DEBUG] executing operation for cacheL3
[DEBUG] executing operation for cacheL2
[DEBUG] executing operation for cacheL1I
[DEBUG] n di richeiste: 1
[DEBUG] callback scheduler
[DEBUG] processing request 7
[DEBUG] lookup cache
[DEBUG] hit cache
[DEBUG] read single line
[DEBUG] n di richeiste dopo esecuzione: 0
[DEBUG] executing operation for cacheL1D
[DEBUG] CacheManager ticked
[DEBUG] Bus Tick Start
[DEBUG] Device ticked, progress: 1/1
[DEBUG] Executing pipeline operation for the current cycle...
[DEBUG] WRITEBACK STAGE has no valid instruction to process.
[DEBUG] MEMORY STAGE processing...
[DEBUG] Execute-Memory buffer has valid instruction.
[DEBUG] Memory Accessstage processing...
[DEBUG] EXECUTE STAGE has no valid instruction to process.
[DEBUG] OPERAND FETCH STAGE processing...
[DEBUG] Decode-OperandFetch buffer has valid instruction.
[DEBUG] Operand Fetchstage processing...
[DEBUG] DECODE STAGE is not ready.
[DEBUG] FETCH STAGE instruction fetch completed.
[DEBUG] Fetching instruction...
[DEBUG] Fetching instruction from memory...
[DEBUG] Searching for cache response for instruction ID: 7
[DEBUG] Byte 0: 0x00000029
[DEBUG] Byte 1: 0x000000d8
[DEBUG] Byte 2: 0x0000002a
[DEBUG] Byte 3: 0x000000d8
[DEBUG] Byte 4: 0x0000002b
[DEBUG] Byte 5: 0x000000d8
[DEBUG] Byte 6: 0x00000000
[DEBUG] Byte 7: 0x00000000
[DEBUG] Byte 8: 0x00000000
[DEBUG] Byte 9: 0x00000000
[DEBUG] Byte 10: 0x00000000
[DEBUG] Byte 11: 0x00000000
[DEBUG] Byte 12: 0x00000000
[DEBUG] Byte 13: 0x00000000
[DEBUG] Byte 14: 0x00000000
[DEBUG] Byte 15: 0x00000000
[DEBUG] Mod: 0x00000003
[DEBUG] Reg: 0x00000003
[DEBUG] R/M: 0x00000000
[DEBUG] Opcode: 0x00000029
[DEBUG] Prefix Count: 0
[DEBUG] Total Length: 2
[DEBUG] Opcode Length: 1
[DEBUG] Additional Bytes: 1
[DEBUG] Description: SUB r/m16/32/64 , r16/32/64
[DEBUG] Number of Operands: 2
[DEBUG] Operand Length: 1
[DEBUG] Instruction: 
[DEBUG] Byte: 0x00000029
[DEBUG] Byte: 0x000000d8
[DEBUG] IR: 0x0000000000000017
[DEBUG] No memory access needed for SubInstruction (not register to memory).
[DEBUG] SUB_MR
[DEBUG] ExecuteEngine: Operands fetched for instruction with ID 6
[DEBUG] ExecuteEngine: Triggered OPERAND_FETCH_COMPLETE  event for instruction with ID 6
[DEBUG] Device ticked, progress: 1/1
[DEBUG] Pipeline ticked
[DEBUG] Device ticked, progress: 1/1
[DEBUG] executing operation for cacheL3
[DEBUG] executing operation for cacheL2
[DEBUG] executing operation for cacheL1I
[DEBUG] executing operation for cacheL1D
[DEBUG] CacheManager ticked
[DEBUG] Bus Tick Start
[DEBUG] Device ticked, progress: 1/1
[DEBUG] Executing pipeline operation for the current cycle...
[DEBUG] WRITEBACK STAGE processing...
[DEBUG] Memory stage has valid instruction.
[DEBUG] Write Backstage processing...
[DEBUG] MEMORY STAGE has no valid instruction to process.
[DEBUG] EXECUTE STAGE processing...
[DEBUG] OperandFetch-Execute buffer has valid instruction.
[DEBUG] Executionstage processing...
[DEBUG] OPERAND FETCH STAGE has no valid instruction to process.
[DEBUG] DECODE STAGE processing...
[DEBUG] Fetch-Decode buffer has valid instruction.
[DEBUG] Decoding instruction...
[DEBUG] Decoding instruction: 0x00000029 - 3
[DEBUG] Instruction type: SUB
[DEBUG] Decoded instruction type: SUB
[DEBUG] Instruction decoded and DECODE_COMPLETE event triggered.
[DEBUG] FETCH STAGE processing...
[DEBUG] Incrementing counter
[DEBUG] FetchstageInstructionId: 8
[DEBUG] Starting instruction fetch...
[DEBUG] Starting instruction fetch...
[DEBUG] Fetching instruction at address: 0x0000000000000017
[DEBUG] Cache request sent for instruction fetch.
[DEBUG] FETCH STAGE fetch started.
[DEBUG] Writing back result for SubInstruction.
[DEBUG] ExecuteEngine: Starting execution for instruction with ID 6
[DEBUG] Device ticked, progress: 1/1
[DEBUG] OperandEngine: Writing value 4294967294 to operand of type 0 for instruction with ID 5
[DEBUG] Writing to register operand.
[DEBUG] OperandEngine: Setting register value to 4294967294 for operand of type 0
[DEBUG] OperandEngine: register write completed for instruction with ID 5
[DEBUG] OperandEngine: Reading operand of type 0 for instruction with ID 6
[DEBUG] Reading from register operand.
[DEBUG] OperandEngine: Reading operand of type 0 for instruction with ID 6
[DEBUG] Reading from register operand.
[DEBUG] OperandEngine: register read completed for instruction with ID 6
[DEBUG] ExecuteEngine: Executing instruction with ID 6
[DEBUG] ExecuteEngine: Source Operand Value: 255
[DEBUG] ExecuteEngine: Destination Operand Value: 248
[DEBUG] ALU: Executing operation SUB with source value 0x00000000000000ff and destination value 0x00000000000000f8.
[DEBUG] Subtraction executed
[DEBUG] Result: 0x00000000000000f9
[DEBUG] Pipeline ticked
[DEBUG] Device ticked, progress: 1/1
[DEBUG] richiesta inserita
[DEBUG] executing operation for cacheL3
[DEBUG] executing operation for cacheL2
[DEBUG] executing operation for cacheL1I
[DEBUG] n di richeiste: 1
[DEBUG] callback scheduler
[DEBUG] processing request 8
[DEBUG] lookup cache
[DEBUG] hit cache
[DEBUG] read single line
[DEBUG] n di richeiste dopo esecuzione: 0
[DEBUG] executing operation for cacheL1D
[DEBUG] CacheManager ticked
[DEBUG] Bus Tick Start
[DEBUG] Device ticked, progress: 1/1
[DEBUG] Executing pipeline operation for the current cycle...
[DEBUG] WRITEBACK STAGE has no valid instruction to process.
[DEBUG] MEMORY STAGE processing...
[DEBUG] Execute-Memory buffer has valid instruction.
[DEBUG] Memory Accessstage processing...
[DEBUG] EXECUTE STAGE has no valid instruction to process.
[DEBUG] OPERAND FETCH STAGE processing...
[DEBUG] Decode-OperandFetch buffer has valid instruction.
[DEBUG] Operand Fetchstage processing...
[DEBUG] DECODE STAGE is not ready.
[DEBUG] FETCH STAGE instruction fetch completed.
[DEBUG] Fetching instruction...
[DEBUG] Fetching instruction from memory...
[DEBUG] Searching for cache response for instruction ID: 8
[DEBUG] Byte 0: 0x0000002a
[DEBUG] Byte 1: 0x000000d8
[DEBUG] Byte 2: 0x0000002b
[DEBUG] Byte 3: 0x000000d8
[DEBUG] Byte 4: 0x00000000
[DEBUG] Byte 5: 0x00000000
[DEBUG] Byte 6: 0x00000000
[DEBUG] Byte 7: 0x00000000
[DEBUG] Byte 8: 0x00000000
[DEBUG] Byte 9: 0x00000000
[DEBUG] Byte 10: 0x00000000
[DEBUG] Byte 11: 0x00000000
[DEBUG] Byte 12: 0x00000000
[DEBUG] Byte 13: 0x00000000
[DEBUG] Byte 14: 0x00000000
[DEBUG] Byte 15: 0x00000000
[DEBUG] Mod: 0x00000003
[DEBUG] Reg: 0x00000003
[DEBUG] R/M: 0x00000000
[DEBUG] Opcode: 0x0000002a
[DEBUG] Prefix Count: 0
[DEBUG] Total Length: 2
[DEBUG] Opcode Length: 1
[DEBUG] Additional Bytes: 1
[DEBUG] Description: SUB r8 , r/m8
[DEBUG] Number of Operands: 2
[DEBUG] Operand Length: 1
[DEBUG] Instruction: 
[DEBUG] Byte: 0x0000002a
[DEBUG] Byte: 0x000000d8
[DEBUG] IR: 0x0000000000000019
[DEBUG] No memory access needed for SubInstruction (not register to memory).
[DEBUG] SUB_MR
[DEBUG] ExecuteEngine: Operands fetched for instruction with ID 7
[DEBUG] ExecuteEngine: Triggered OPERAND_FETCH_COMPLETE  event for instruction with ID 7
[DEBUG] Device ticked, progress: 1/1
[DEBUG] Pipeline ticked
[DEBUG] Device ticked, progress: 1/1
[DEBUG] executing operation for cacheL3
[DEBUG] executing operation for cacheL2
[DEBUG] executing operation for cacheL1I
[DEBUG] executing operation for cacheL1D
[DEBUG] CacheManager ticked
[DEBUG] Bus Tick Start
[DEBUG] Device ticked, progress: 1/1
[DEBUG] Executing pipeline operation for the current cycle...
[DEBUG] WRITEBACK STAGE processing...
[DEBUG] Memory stage has valid instruction.
[DEBUG] Write Backstage processing...
[DEBUG] MEMORY STAGE has no valid instruction to process.
[DEBUG] EXECUTE STAGE processing...
[DEBUG] OperandFetch-Execute buffer has valid instruction.
[DEBUG] Executionstage processing...
[DEBUG] OPERAND FETCH STAGE has no valid instruction to process.
[DEBUG] DECODE STAGE processing...
[DEBUG] Fetch-Decode buffer has valid instruction.
[DEBUG] Decoding instruction...
[DEBUG] Decoding instruction: 0x0000002a - 4
[DEBUG] Instruction type: SUB
[DEBUG] Decoded instruction type: SUB
[DEBUG] Instruction decoded and DECODE_COMPLETE event triggered.
[DEBUG] FETCH STAGE processing...
[DEBUG] Incrementing counter
[DEBUG] FetchstageInstructionId: 9
[DEBUG] Starting instruction fetch...
[DEBUG] Starting instruction fetch...
[DEBUG] Fetching instruction at address: 0x0000000000000019
[DEBUG] Cache request sent for instruction fetch.
[DEBUG] FETCH STAGE fetch started.
[DEBUG] Writing back result for SubInstruction.
[DEBUG] ExecuteEngine: Starting execution for instruction with ID 7
[DEBUG] Device ticked, progress: 1/1
[DEBUG] OperandEngine: Writing value 249 to operand of type 0 for instruction with ID 6
[DEBUG] Writing to register operand.
[DEBUG] OperandEngine: Setting register value to 249 for operand of type 0
[DEBUG] OperandEngine: register write completed for instruction with ID 6
[DEBUG] OperandEngine: Reading operand of type 0 for instruction with ID 7
[DEBUG] Reading from register operand.
[DEBUG] OperandEngine: Reading operand of type 0 for instruction with ID 7
[DEBUG] Reading from register operand.
[DEBUG] OperandEngine: register read completed for instruction with ID 7
[DEBUG] ExecuteEngine: Executing instruction with ID 7
[DEBUG] ExecuteEngine: Source Operand Value: 255
[DEBUG] ExecuteEngine: Destination Operand Value: 249
[DEBUG] ALU: Executing operation SUB with source value 0x00000000000000ff and destination value 0x00000000000000f9.
[DEBUG] Subtraction executed
[DEBUG] Result: 0x00000000fffffffa
[DEBUG] Pipeline ticked
[DEBUG] Device ticked, progress: 1/1
[DEBUG] richiesta inserita
[DEBUG] executing operation for cacheL3
[DEBUG] executing operation for cacheL2
[DEBUG] executing operation for cacheL1I
[DEBUG] n di richeiste: 1
[DEBUG] callback scheduler
[DEBUG] processing request 9
[DEBUG] lookup cache
[DEBUG] hit cache
[DEBUG] read single line
[DEBUG] n di richeiste dopo esecuzione: 0
[DEBUG] executing operation for cacheL1D
[DEBUG] CacheManager ticked
[DEBUG] Bus Tick Start
[DEBUG] Device ticked, progress: 1/1
[DEBUG] Executing pipeline operation for the current cycle...
[DEBUG] WRITEBACK STAGE has no valid instruction to process.
[DEBUG] MEMORY STAGE processing...
[DEBUG] Execute-Memory buffer has valid instruction.
[DEBUG] Memory Accessstage processing...
[DEBUG] EXECUTE STAGE has no valid instruction to process.
[DEBUG] OPERAND FETCH STAGE processing...
[DEBUG] Decode-OperandFetch buffer has valid instruction.
[DEBUG] Operand Fetchstage processing...
[DEBUG] DECODE STAGE is not ready.
[DEBUG] FETCH STAGE instruction fetch completed.
[DEBUG] Fetching instruction...
[DEBUG] Fetching instruction from memory...
[DEBUG] Searching for cache response for instruction ID: 9
[DEBUG] Byte 0: 0x0000002b
[DEBUG] Byte 1: 0x000000d8
[DEBUG] Byte 2: 0x00000000
[DEBUG] Byte 3: 0x00000000
[DEBUG] Byte 4: 0x00000000
[DEBUG] Byte 5: 0x00000000
[DEBUG] Byte 6: 0x00000000
[DEBUG] Byte 7: 0x00000000
[DEBUG] Byte 8: 0x00000000
[DEBUG] Byte 9: 0x00000000
[DEBUG] Byte 10: 0x00000000
[DEBUG] Byte 11: 0x00000000
[DEBUG] Byte 12: 0x00000000
[DEBUG] Byte 13: 0x00000000
[DEBUG] Byte 14: 0x00000000
[DEBUG] Byte 15: 0x00000000
[DEBUG] Mod: 0x00000003
[DEBUG] Reg: 0x00000003
[DEBUG] R/M: 0x00000000
[DEBUG] Opcode: 0x0000002b
[DEBUG] Prefix Count: 0
[DEBUG] Total Length: 2
[DEBUG] Opcode Length: 1
[DEBUG] Additional Bytes: 1
[DEBUG] Description: SUB r16/32/64 , r/m16/32/64
[DEBUG] Number of Operands: 2
[DEBUG] Operand Length: 1
[DEBUG] Instruction: 
[DEBUG] Byte: 0x0000002b
[DEBUG] Byte: 0x000000d8
[DEBUG] IR: 0x000000000000001b
[DEBUG] No memory access needed for SubInstruction (not register to memory).
[DEBUG] SUB_RM
[DEBUG] ExecuteEngine: Operands fetched for instruction with ID 8
[DEBUG] ExecuteEngine: Triggered OPERAND_FETCH_COMPLETE  event for instruction with ID 8
[DEBUG] Device ticked, progress: 1/1
[DEBUG] Pipeline ticked
[DEBUG] Device ticked, progress: 1/1
[DEBUG] executing operation for cacheL3
[DEBUG] executing operation for cacheL2
[DEBUG] executing operation for cacheL1I
[DEBUG] executing operation for cacheL1D
[DEBUG] CacheManager ticked
[DEBUG] Bus Tick Start
[DEBUG] Device ticked, progress: 1/1
[DEBUG] Executing pipeline operation for the current cycle...
[DEBUG] WRITEBACK STAGE processing...
[DEBUG] Memory stage has valid instruction.
[DEBUG] Write Backstage processing...
[DEBUG] MEMORY STAGE has no valid instruction to process.
[DEBUG] EXECUTE STAGE processing...
[DEBUG] OperandFetch-Execute buffer has valid instruction.
[DEBUG] Executionstage processing...
[DEBUG] OPERAND FETCH STAGE has no valid instruction to process.
[DEBUG] DECODE STAGE processing...
[DEBUG] Fetch-Decode buffer has valid instruction.
[DEBUG] Decoding instruction...
[DEBUG] Decoding instruction: 0x0000002b - 4
[DEBUG] Instruction type: SUB
[DEBUG] Decoded instruction type: SUB
[DEBUG] Instruction decoded and DECODE_COMPLETE event triggered.
[DEBUG] FETCH STAGE processing...
[DEBUG] Incrementing counter
[DEBUG] FetchstageInstructionId: 10
[DEBUG] Starting instruction fetch...
[DEBUG] Starting instruction fetch...
[DEBUG] Fetching instruction at address: 0x000000000000001b
[DEBUG] Cache request sent for instruction fetch.
[DEBUG] FETCH STAGE fetch started.
[DEBUG] Writing back result for SubInstruction.
[DEBUG] ExecuteEngine: Starting execution for instruction with ID 8
[DEBUG] Device ticked, progress: 1/1
[DEBUG] OperandEngine: Writing value 4294967290 to operand of type 0 for instruction with ID 7
[DEBUG] Writing to register operand.
[DEBUG] OperandEngine: Setting register value to 4294967290 for operand of type 0
[DEBUG] OperandEngine: register write completed for instruction with ID 7
[DEBUG] OperandEngine: Reading operand of type 0 for instruction with ID 8
[DEBUG] Reading from register operand.
[DEBUG] OperandEngine: Reading operand of type 0 for instruction with ID 8
[DEBUG] Reading from register operand.
[DEBUG] OperandEngine: register read completed for instruction with ID 8
[DEBUG] ExecuteEngine: Executing instruction with ID 8
[DEBUG] ExecuteEngine: Source Operand Value: 250
[DEBUG] ExecuteEngine: Destination Operand Value: 255
[DEBUG] ALU: Executing operation SUB with source value 0x00000000000000fa and destination value 0x00000000000000ff.
[DEBUG] Subtraction executed
[DEBUG] Result: 0x0000000000000005
[DEBUG] Pipeline ticked
[DEBUG] Device ticked, progress: 1/1
[DEBUG] richiesta inserita
[DEBUG] executing operation for cacheL3
[DEBUG] executing operation for cacheL2
[DEBUG] executing operation for cacheL1I
[DEBUG] n di richeiste: 1
[DEBUG] callback scheduler
[DEBUG] processing request 10
[DEBUG] lookup cache
[DEBUG] hit cache
[DEBUG] read single line
[DEBUG] n di richeiste dopo esecuzione: 0
[DEBUG] executing operation for cacheL1D
[DEBUG] CacheManager ticked
[DEBUG] Bus Tick Start
[DEBUG] Device ticked, progress: 1/1
[DEBUG] Executing pipeline operation for the current cycle...
[DEBUG] WRITEBACK STAGE has no valid instruction to process.
[DEBUG] MEMORY STAGE processing...
[DEBUG] Execute-Memory buffer has valid instruction.
[DEBUG] Memory Accessstage processing...
[DEBUG] EXECUTE STAGE has no valid instruction to process.
[DEBUG] OPERAND FETCH STAGE processing...
[DEBUG] Decode-OperandFetch buffer has valid instruction.
[DEBUG] Operand Fetchstage processing...
[DEBUG] DECODE STAGE is not ready.
[DEBUG] FETCH STAGE instruction fetch completed.
[DEBUG] Fetching instruction...
[DEBUG] Fetching instruction from memory...
[DEBUG] Searching for cache response for instruction ID: 10
[DEBUG] Byte 0: 0x00000000
[DEBUG] Byte 1: 0x00000000
[DEBUG] Byte 2: 0x00000000
[DEBUG] Byte 3: 0x00000000
[DEBUG] Byte 4: 0x00000000
[DEBUG] Byte 5: 0x00000000
[DEBUG] Byte 6: 0x00000000
[DEBUG] Byte 7: 0x00000000
[DEBUG] Byte 8: 0x00000000
[DEBUG] Byte 9: 0x00000000
[DEBUG] Byte 10: 0x00000000
[DEBUG] Byte 11: 0x00000000
[DEBUG] Byte 12: 0x00000000
[DEBUG] Byte 13: 0x00000000
[DEBUG] Byte 14: 0x00000000
[DEBUG] Byte 15: 0x00000000
[DEBUG] Mod: 0x00000000
[DEBUG] Reg: 0x00000000
[DEBUG] R/M: 0x00000000
[DEBUG] Opcode: 0x00000000
[DEBUG] Prefix Count: 0
[DEBUG] Total Length: 2
[DEBUG] Opcode Length: 1
[DEBUG] Additional Bytes: 1
[DEBUG] Description: ADD r/m8, r8
[DEBUG] Number of Operands: 2
[DEBUG] Operand Length: 1
[DEBUG] Instruction: 
[DEBUG] Byte: 0x00000000
[DEBUG] Byte: 0x00000000
[DEBUG] IR: 0x000000000000001d
[DEBUG] No memory access needed for SubInstruction (not register to memory).
[DEBUG] SUB_RM
[DEBUG] ExecuteEngine: Operands fetched for instruction with ID 9
[DEBUG] ExecuteEngine: Triggered OPERAND_FETCH_COMPLETE  event for instruction with ID 9
[DEBUG] Device ticked, progress: 1/1
[DEBUG] Pipeline ticked
[DEBUG] Device ticked, progress: 1/1
[DEBUG] executing operation for cacheL3
[DEBUG] executing operation for cacheL2
[DEBUG] executing operation for cacheL1I
[DEBUG] executing operation for cacheL1D
[DEBUG] CacheManager ticked
[DEBUG] Bus Tick Start
[DEBUG] Device ticked, progress: 1/1
[DEBUG] Executing pipeline operation for the current cycle...
[DEBUG] WRITEBACK STAGE processing...
[DEBUG] Memory stage has valid instruction.
[DEBUG] Write Backstage processing...
[DEBUG] MEMORY STAGE has no valid instruction to process.
[DEBUG] EXECUTE STAGE processing...
[DEBUG] OperandFetch-Execute buffer has valid instruction.
[DEBUG] Executionstage processing...
[DEBUG] OPERAND FETCH STAGE has no valid instruction to process.
[DEBUG] DECODE STAGE processing...
[DEBUG] Fetch-Decode buffer has valid instruction.
[DEBUG] Decoding instruction...
[DEBUG] Decoding instruction: 0x00000000 - 3
[DEBUG] Instruction type: ADD
[DEBUG] Decoded instruction type: ADD
[DEBUG] Instruction decoded and DECODE_COMPLETE event triggered.
[DEBUG] FETCH STAGE processing...
[DEBUG] Incrementing counter
[DEBUG] FetchstageInstructionId: 11
[DEBUG] Starting instruction fetch...
[DEBUG] Starting instruction fetch...
[DEBUG] Fetching instruction at address: 0x000000000000001d
[DEBUG] Cache request sent for instruction fetch.
[DEBUG] FETCH STAGE fetch started.
[DEBUG] Writing back result for SubInstruction.
[DEBUG] ExecuteEngine: Starting execution for instruction with ID 9
[DEBUG] Device ticked, progress: 1/1
[DEBUG] OperandEngine: Writing value 5 to operand of type 0 for instruction with ID 8
[DEBUG] Writing to register operand.
[DEBUG] OperandEngine: Setting register value to 5 for operand of type 0
[DEBUG] OperandEngine: register write completed for instruction with ID 8
[DEBUG] OperandEngine: Reading operand of type 0 for instruction with ID 9
[DEBUG] Reading from register operand.
[DEBUG] OperandEngine: Reading operand of type 0 for instruction with ID 9
[DEBUG] Reading from register operand.
[DEBUG] OperandEngine: register read completed for instruction with ID 9
[DEBUG] ExecuteEngine: Executing instruction with ID 9
[DEBUG] ExecuteEngine: Source Operand Value: 4294967290
[DEBUG] ExecuteEngine: Destination Operand Value: 5
[DEBUG] ALU: Executing operation SUB with source value 0x00000000fffffffa and destination value 0x0000000000000005.
[DEBUG] Subtraction executed
[DEBUG] Result: 0x000000000000000b
[DEBUG] Pipeline ticked
[DEBUG] Device ticked, progress: 1/1
[DEBUG] richiesta inserita
[DEBUG] executing operation for cacheL3
[DEBUG] executing operation for cacheL2
[DEBUG] executing operation for cacheL1I
[DEBUG] n di richeiste: 1
[DEBUG] callback scheduler
[DEBUG] processing request 11
[DEBUG] lookup cache
[DEBUG] hit cache
[DEBUG] read single line
[DEBUG] n di richeiste dopo esecuzione: 0
[DEBUG] executing operation for cacheL1D
[DEBUG] CacheManager ticked
[DEBUG] Bus Tick Start
[DEBUG] Device ticked, progress: 1/1
[DEBUG] Executing pipeline operation for the current cycle...
[DEBUG] WRITEBACK STAGE has no valid instruction to process.
[DEBUG] MEMORY STAGE processing...
[DEBUG] Execute-Memory buffer has valid instruction.
[DEBUG] Memory Accessstage processing...
[DEBUG] EXECUTE STAGE has no valid instruction to process.
[DEBUG] OPERAND FETCH STAGE processing...
[DEBUG] Decode-OperandFetch buffer has valid instruction.
[DEBUG] Operand Fetchstage processing...
[DEBUG] Instruction is empty. No Operand Fetch needed.
[DEBUG] DECODE STAGE is not ready.
[DEBUG] FETCH STAGE instruction fetch completed.
[DEBUG] Fetching instruction...
[DEBUG] Fetching instruction from memory...
[DEBUG] Searching for cache response for instruction ID: 11
[DEBUG] Byte 0: 0x00000000
[DEBUG] Byte 1: 0x00000000
[DEBUG] Byte 2: 0x00000000
[DEBUG] Byte 3: 0x00000000
[DEBUG] Byte 4: 0x00000000
[DEBUG] Byte 5: 0x00000000
[DEBUG] Byte 6: 0x00000000
[DEBUG] Byte 7: 0x00000000
[DEBUG] Byte 8: 0x00000000
[DEBUG] Byte 9: 0x00000000
[DEBUG] Byte 10: 0x00000000
[DEBUG] Byte 11: 0x00000000
[DEBUG] Byte 12: 0x00000000
[DEBUG] Byte 13: 0x00000000
[DEBUG] Byte 14: 0x00000000
[DEBUG] Byte 15: 0x00000000
[DEBUG] Mod: 0x00000000
[DEBUG] Reg: 0x00000000
[DEBUG] R/M: 0x00000000
[DEBUG] Opcode: 0x00000000
[DEBUG] Prefix Count: 0
[DEBUG] Total Length: 2
[DEBUG] Opcode Length: 1
[DEBUG] Additional Bytes: 1
[DEBUG] Description: ADD r/m8, r8
[DEBUG] Number of Operands: 2
[DEBUG] Operand Length: 1
[DEBUG] Instruction: 
[DEBUG] Byte: 0x00000000
[DEBUG] Byte: 0x00000000
[DEBUG] IR: 0x000000000000001f
[DEBUG] No memory access needed for SubInstruction (not register to memory).
[DEBUG] Device ticked, progress: 1/1
[DEBUG] Pipeline ticked
[DEBUG] Device ticked, progress: 1/1
[DEBUG] executing operation for cacheL3
[DEBUG] executing operation for cacheL2
[DEBUG] executing operation for cacheL1I
[DEBUG] executing operation for cacheL1D
[DEBUG] CacheManager ticked
[DEBUG] Bus Tick Start
[DEBUG] Device ticked, progress: 1/1
[DEBUG] Executing pipeline operation for the current cycle...
[DEBUG] WRITEBACK STAGE processing...
[DEBUG] Memory stage has valid instruction.
[DEBUG] Write Backstage processing...
[DEBUG] MEMORY STAGE has no valid instruction to process.
[DEBUG] EXECUTE STAGE has no valid instruction to process.
[DEBUG] OPERAND FETCH STAGE has no valid instruction to process.
[DEBUG] DECODE STAGE processing...
[DEBUG] Fetch-Decode buffer has valid instruction.
[DEBUG] Decoding instruction...
[DEBUG] Decoding instruction: 0x00000000 - 3
[DEBUG] Instruction type: ADD
[DEBUG] Decoded instruction type: ADD
[DEBUG] Instruction decoded and DECODE_COMPLETE event triggered.
[DEBUG] FETCH STAGE processing...
[DEBUG] Incrementing counter
[DEBUG] FetchstageInstructionId: 12
[DEBUG] Starting instruction fetch...
[DEBUG] Starting instruction fetch...
[DEBUG] Fetching instruction at address: 0x000000000000001f
[DEBUG] Cache request sent for instruction fetch.
[DEBUG] FETCH STAGE fetch started.
[DEBUG] Writing back result for SubInstruction.
[DEBUG] Device ticked, progress: 1/1
[DEBUG] OperandEngine: Writing value 11 to operand of type 0 for instruction with ID 9
[DEBUG] Writing to register operand.
[DEBUG] OperandEngine: Setting register value to 11 for operand of type 0
[DEBUG] OperandEngine: register write completed for instruction with ID 9
[DEBUG] Pipeline ticked
[DEBUG] Device ticked, progress: 1/1
[DEBUG] richiesta inserita
[DEBUG] executing operation for cacheL3
[DEBUG] executing operation for cacheL2
[DEBUG] executing operation for cacheL1I
[DEBUG] n di richeiste: 1
[DEBUG] callback scheduler
[DEBUG] processing request 12
[DEBUG] lookup cache
[DEBUG] hit cache
[DEBUG] read single line
[DEBUG] n di richeiste dopo esecuzione: 0
[DEBUG] executing operation for cacheL1D
[DEBUG] CacheManager ticked
[DEBUG] Bus Tick Start
[DEBUG] Device ticked, progress: 1/1
[DEBUG] Executing pipeline operation for the current cycle...
[DEBUG] WRITEBACK STAGE has no valid instruction to process.
[DEBUG] MEMORY STAGE has no valid instruction to process.
[DEBUG] EXECUTE STAGE has no valid instruction to process.
[DEBUG] OPERAND FETCH STAGE processing...
[DEBUG] Decode-OperandFetch buffer has valid instruction.
[DEBUG] Operand Fetchstage processing...
[DEBUG] Instruction is empty. No Operand Fetch needed.
[DEBUG] DECODE STAGE is not ready.
[DEBUG] FETCH STAGE instruction fetch completed.
[DEBUG] Fetching instruction...
[DEBUG] Fetching instruction from memory...
[DEBUG] Searching for cache response for instruction ID: 12
[DEBUG] Byte 0: 0x00000000
[DEBUG] Byte 1: 0x00000000
[DEBUG] Byte 2: 0x00000000
[DEBUG] Byte 3: 0x00000000
[DEBUG] Byte 4: 0x00000000
[DEBUG] Byte 5: 0x00000000
[DEBUG] Byte 6: 0x00000000
[DEBUG] Byte 7: 0x00000000
[DEBUG] Byte 8: 0x00000000
[DEBUG] Byte 9: 0x00000000
[DEBUG] Byte 10: 0x00000000
[DEBUG] Byte 11: 0x00000000
[DEBUG] Byte 12: 0x00000000
[DEBUG] Byte 13: 0x00000000
[DEBUG] Byte 14: 0x00000000
[DEBUG] Byte 15: 0x00000000
[DEBUG] Mod: 0x00000000
[DEBUG] Reg: 0x00000000
[DEBUG] R/M: 0x00000000
[DEBUG] Opcode: 0x00000000
[DEBUG] Prefix Count: 0
[DEBUG] Total Length: 2
[DEBUG] Opcode Length: 1
[DEBUG] Additional Bytes: 1
[DEBUG] Description: ADD r/m8, r8
[DEBUG] Number of Operands: 2
[DEBUG] Operand Length: 1
[DEBUG] Instruction: 
[DEBUG] Byte: 0x00000000
[DEBUG] Byte: 0x00000000
[DEBUG] IR: 0x0000000000000021
[DEBUG] Device ticked, progress: 1/1
[DEBUG] Pipeline ticked
[DEBUG] Device ticked, progress: 1/1
[DEBUG] executing operation for cacheL3
[DEBUG] executing operation for cacheL2
[DEBUG] executing operation for cacheL1I
[DEBUG] executing operation for cacheL1D
[DEBUG] CacheManager ticked
[DEBUG] Bus Tick Start
[DEBUG] Device ticked, progress: 1/1
[DEBUG] Executing pipeline operation for the current cycle...
[DEBUG] WRITEBACK STAGE has no valid instruction to process.
[DEBUG] MEMORY STAGE has no valid instruction to process.
[DEBUG] EXECUTE STAGE has no valid instruction to process.
[DEBUG] OPERAND FETCH STAGE has no valid instruction to process.
[DEBUG] DECODE STAGE processing...
[DEBUG] Fetch-Decode buffer has valid instruction.
[DEBUG] Decoding instruction...
[DEBUG] Decoding instruction: 0x00000000 - 3
[DEBUG] Instruction type: ADD
[DEBUG] Decoded instruction type: ADD
[DEBUG] Instruction decoded and DECODE_COMPLETE event triggered.
[DEBUG] FETCH STAGE processing...
[DEBUG] Incrementing counter
[DEBUG] FetchstageInstructionId: 13
[DEBUG] Starting instruction fetch...
[DEBUG] Starting instruction fetch...
[DEBUG] Fetching instruction at address: 0x0000000000000021
[DEBUG] Cache request sent for instruction fetch.
[DEBUG] FETCH STAGE fetch started.
[DEBUG] Device ticked, progress: 1/1
[DEBUG] Pipeline ticked
[DEBUG] Device ticked, progress: 1/1
[DEBUG] richiesta inserita
[DEBUG] executing operation for cacheL3
[DEBUG] executing operation for cacheL2
[DEBUG] executing operation for cacheL1I
[DEBUG] n di richeiste: 1
[DEBUG] callback scheduler
[DEBUG] processing request 13
[DEBUG] lookup cache
[DEBUG] hit cache
[DEBUG] read single line
[DEBUG] n di richeiste dopo esecuzione: 0
[DEBUG] executing operation for cacheL1D
[DEBUG] CacheManager ticked
[DEBUG] Bus Tick Start
[DEBUG] Device ticked, progress: 1/1
[DEBUG] Executing pipeline operation for the current cycle...
[DEBUG] WRITEBACK STAGE has no valid instruction to process.
[DEBUG] MEMORY STAGE has no valid instruction to process.
[DEBUG] EXECUTE STAGE has no valid instruction to process.
[DEBUG] OPERAND FETCH STAGE processing...
[DEBUG] Decode-OperandFetch buffer has valid instruction.
[DEBUG] Operand Fetchstage processing...
[DEBUG] Instruction is empty. No Operand Fetch needed.
[DEBUG] DECODE STAGE is not ready.
[DEBUG] FETCH STAGE instruction fetch completed.
[DEBUG] Fetching instruction...
[DEBUG] Fetching instruction from memory...
[DEBUG] Searching for cache response for instruction ID: 13
[DEBUG] Byte 0: 0x00000000
[DEBUG] Byte 1: 0x00000000
[DEBUG] Byte 2: 0x00000000
[DEBUG] Byte 3: 0x00000000
[DEBUG] Byte 4: 0x00000000
[DEBUG] Byte 5: 0x00000000
[DEBUG] Byte 6: 0x00000000
[DEBUG] Byte 7: 0x00000000
[DEBUG] Byte 8: 0x00000000
[DEBUG] Byte 9: 0x00000000
[DEBUG] Byte 10: 0x00000000
[DEBUG] Byte 11: 0x00000000
[DEBUG] Byte 12: 0x00000000
[DEBUG] Byte 13: 0x00000000
[DEBUG] Byte 14: 0x00000000
[DEBUG] Byte 15: 0x00000000
[DEBUG] Mod: 0x00000000
[DEBUG] Reg: 0x00000000
[DEBUG] R/M: 0x00000000
[DEBUG] Opcode: 0x00000000
[DEBUG] Prefix Count: 0
[DEBUG] Total Length: 2
[DEBUG] Opcode Length: 1
[DEBUG] Additional Bytes: 1
[DEBUG] Description: ADD r/m8, r8
[DEBUG] Number of Operands: 2
[DEBUG] Operand Length: 1
[DEBUG] Instruction: 
[DEBUG] Byte: 0x00000000
[DEBUG] Byte: 0x00000000
[DEBUG] IR: 0x0000000000000023
[DEBUG] Device ticked, progress: 1/1
[DEBUG] Pipeline ticked
[DEBUG] Device ticked, progress: 1/1
[DEBUG] executing operation for cacheL3
[DEBUG] executing operation for cacheL2
[DEBUG] executing operation for cacheL1I
[DEBUG] executing operation for cacheL1D
[DEBUG] CacheManager ticked
[DEBUG] Bus Tick Start
[DEBUG] Device ticked, progress: 1/1
[DEBUG] Executing pipeline operation for the current cycle...
[DEBUG] WRITEBACK STAGE has no valid instruction to process.
[DEBUG] MEMORY STAGE has no valid instruction to process.
[DEBUG] EXECUTE STAGE has no valid instruction to process.
[DEBUG] OPERAND FETCH STAGE has no valid instruction to process.
[DEBUG] DECODE STAGE processing...
[DEBUG] Fetch-Decode buffer has valid instruction.
[DEBUG] Decoding instruction...
[DEBUG] Decoding instruction: 0x00000000 - 3
[DEBUG] Instruction type: ADD
[DEBUG] Decoded instruction type: ADD
[DEBUG] Instruction decoded and DECODE_COMPLETE event triggered.
[DEBUG] FETCH STAGE processing...
[DEBUG] Incrementing counter
[DEBUG] FetchstageInstructionId: 14
[DEBUG] Starting instruction fetch...
[DEBUG] Starting instruction fetch...
[DEBUG] Fetching instruction at address: 0x0000000000000023
[DEBUG] Cache request sent for instruction fetch.
[DEBUG] FETCH STAGE fetch started.
[DEBUG] Device ticked, progress: 1/1
[DEBUG] Pipeline ticked
[DEBUG] Device ticked, progress: 1/1
[DEBUG] richiesta inserita
[DEBUG] executing operation for cacheL3
[DEBUG] executing operation for cacheL2
[DEBUG] executing operation for cacheL1I
[DEBUG] n di richeiste: 1
[DEBUG] callback scheduler
[DEBUG] processing request 14
[DEBUG] lookup cache
[DEBUG] hit cache
[DEBUG] read single line
[DEBUG] n di richeiste dopo esecuzione: 0
[DEBUG] executing operation for cacheL1D
[DEBUG] CacheManager ticked
[DEBUG] Bus Tick Start
[DEBUG] Device ticked, progress: 1/1
[DEBUG] Executing pipeline operation for the current cycle...
[DEBUG] WRITEBACK STAGE has no valid instruction to process.
[DEBUG] MEMORY STAGE has no valid instruction to process.
[DEBUG] EXECUTE STAGE has no valid instruction to process.
[DEBUG] OPERAND FETCH STAGE processing...
[DEBUG] Decode-OperandFetch buffer has valid instruction.
[DEBUG] Operand Fetchstage processing...
[DEBUG] Instruction is empty. No Operand Fetch needed.
[DEBUG] DECODE STAGE is not ready.
[DEBUG] FETCH STAGE instruction fetch completed.
[DEBUG] Fetching instruction...
[DEBUG] Fetching instruction from memory...
[DEBUG] Searching for cache response for instruction ID: 14
[DEBUG] Byte 0: 0x00000000
[DEBUG] Byte 1: 0x00000000
[DEBUG] Byte 2: 0x00000000
[DEBUG] Byte 3: 0x00000000
[DEBUG] Byte 4: 0x00000000
[DEBUG] Byte 5: 0x00000000
[DEBUG] Byte 6: 0x00000000
[DEBUG] Byte 7: 0x00000000
[DEBUG] Byte 8: 0x00000000
[DEBUG] Byte 9: 0x00000000
[DEBUG] Byte 10: 0x00000000
[DEBUG] Byte 11: 0x00000000
[DEBUG] Byte 12: 0x00000000
[DEBUG] Byte 13: 0x00000000
[DEBUG] Byte 14: 0x00000000
[DEBUG] Byte 15: 0x00000000
[DEBUG] Mod: 0x00000000
[DEBUG] Reg: 0x00000000
[DEBUG] R/M: 0x00000000
[DEBUG] Opcode: 0x00000000
[DEBUG] Prefix Count: 0
[DEBUG] Total Length: 2
[DEBUG] Opcode Length: 1
[DEBUG] Additional Bytes: 1
[DEBUG] Description: ADD r/m8, r8
[DEBUG] Number of Operands: 2
[DEBUG] Operand Length: 1
[DEBUG] Instruction: 
[DEBUG] Byte: 0x00000000
[DEBUG] Byte: 0x00000000
[DEBUG] IR: 0x0000000000000025
[DEBUG] Device ticked, progress: 1/1
[DEBUG] Pipeline ticked
[DEBUG] Device ticked, progress: 1/1
[DEBUG] executing operation for cacheL3
[DEBUG] executing operation for cacheL2
[DEBUG] executing operation for cacheL1I
[DEBUG] executing operation for cacheL1D
[DEBUG] CacheManager ticked
[DEBUG] Bus Tick Start
[DEBUG] Device ticked, progress: 1/1
[DEBUG] Executing pipeline operation for the current cycle...
[DEBUG] WRITEBACK STAGE has no valid instruction to process.
[DEBUG] MEMORY STAGE has no valid instruction to process.
[DEBUG] EXECUTE STAGE has no valid instruction to process.
[DEBUG] OPERAND FETCH STAGE has no valid instruction to process.
[DEBUG] DECODE STAGE processing...
[DEBUG] Fetch-Decode buffer has valid instruction.
[DEBUG] Decoding instruction...
[DEBUG] Decoding instruction: 0x00000000 - 3
[DEBUG] Instruction type: ADD
[DEBUG] Decoded instruction type: ADD
[DEBUG] Instruction decoded and DECODE_COMPLETE event triggered.
[DEBUG] FETCH STAGE processing...
[DEBUG] Incrementing counter
[DEBUG] FetchstageInstructionId: 15
[DEBUG] Starting instruction fetch...
[DEBUG] Starting instruction fetch...
[DEBUG] Fetching instruction at address: 0x0000000000000025
[DEBUG] Cache request sent for instruction fetch.
[DEBUG] FETCH STAGE fetch started.
[DEBUG] Device ticked, progress: 1/1
[DEBUG] Pipeline ticked
[DEBUG] Device ticked, progress: 1/1
[DEBUG] richiesta inserita
[DEBUG] executing operation for cacheL3
[DEBUG] executing operation for cacheL2
[DEBUG] executing operation for cacheL1I
[DEBUG] n di richeiste: 1
[DEBUG] callback scheduler
[DEBUG] processing request 15
[DEBUG] lookup cache
[DEBUG] hit cache
[DEBUG] read single line
[DEBUG] n di richeiste dopo esecuzione: 0
[DEBUG] executing operation for cacheL1D
[DEBUG] CacheManager ticked
[DEBUG] Bus Tick Start
[DEBUG] Device ticked, progress: 1/1
[DEBUG] Executing pipeline operation for the current cycle...
[DEBUG] WRITEBACK STAGE has no valid instruction to process.
[DEBUG] MEMORY STAGE has no valid instruction to process.
[DEBUG] EXECUTE STAGE has no valid instruction to process.
[DEBUG] OPERAND FETCH STAGE processing...
[DEBUG] Decode-OperandFetch buffer has valid instruction.
[DEBUG] Operand Fetchstage processing...
[DEBUG] Instruction is empty. No Operand Fetch needed.
[DEBUG] DECODE STAGE is not ready.
[DEBUG] FETCH STAGE instruction fetch completed.
[DEBUG] Fetching instruction...
[DEBUG] Fetching instruction from memory...
[DEBUG] Searching for cache response for instruction ID: 15
[DEBUG] Byte 0: 0x00000000
[DEBUG] Byte 1: 0x00000000
[DEBUG] Byte 2: 0x00000000
[DEBUG] Byte 3: 0x00000000
[DEBUG] Byte 4: 0x00000000
[DEBUG] Byte 5: 0x00000000
[DEBUG] Byte 6: 0x00000000
[DEBUG] Byte 7: 0x00000000
[DEBUG] Byte 8: 0x00000000
[DEBUG] Byte 9: 0x00000000
[DEBUG] Byte 10: 0x00000000
[DEBUG] Byte 11: 0x00000000
[DEBUG] Byte 12: 0x00000000
[DEBUG] Byte 13: 0x00000000
[DEBUG] Byte 14: 0x00000000
[DEBUG] Byte 15: 0x00000000
[DEBUG] Mod: 0x00000000
[DEBUG] Reg: 0x00000000
[DEBUG] R/M: 0x00000000
[DEBUG] Opcode: 0x00000000
[DEBUG] Prefix Count: 0
[DEBUG] Total Length: 2
[DEBUG] Opcode Length: 1
[DEBUG] Additional Bytes: 1
[DEBUG] Description: ADD r/m8, r8
[DEBUG] Number of Operands: 2
[DEBUG] Operand Length: 1
[DEBUG] Instruction: 
[DEBUG] Byte: 0x00000000
[DEBUG] Byte: 0x00000000
[DEBUG] IR: 0x0000000000000027
[DEBUG] Device ticked, progress: 1/1
[DEBUG] Pipeline ticked
[DEBUG] Device ticked, progress: 1/1
[DEBUG] executing operation for cacheL3
[DEBUG] executing operation for cacheL2
[DEBUG] executing operation for cacheL1I
[DEBUG] executing operation for cacheL1D
[DEBUG] CacheManager ticked
[DEBUG] Bus Tick Start
[DEBUG] Device ticked, progress: 1/1
[DEBUG] Executing pipeline operation for the current cycle...
[DEBUG] WRITEBACK STAGE has no valid instruction to process.
[DEBUG] MEMORY STAGE has no valid instruction to process.
[DEBUG] EXECUTE STAGE has no valid instruction to process.
[DEBUG] OPERAND FETCH STAGE has no valid instruction to process.
[DEBUG] DECODE STAGE processing...
[DEBUG] Fetch-Decode buffer has valid instruction.
[DEBUG] Decoding instruction...
[DEBUG] Decoding instruction: 0x00000000 - 3
[DEBUG] Instruction type: ADD
[DEBUG] Decoded instruction type: ADD
[DEBUG] Instruction decoded and DECODE_COMPLETE event triggered.
[DEBUG] FETCH STAGE processing...
[DEBUG] Incrementing counter
[DEBUG] FetchstageInstructionId: 16
[DEBUG] Starting instruction fetch...
[DEBUG] Starting instruction fetch...
[DEBUG] Fetching instruction at address: 0x0000000000000027
[DEBUG] Cache request sent for instruction fetch.
[DEBUG] FETCH STAGE fetch started.
[DEBUG] Device ticked, progress: 1/1
[DEBUG] Pipeline ticked
[DEBUG] Device ticked, progress: 1/1
[DEBUG] richiesta inserita
[DEBUG] executing operation for cacheL3
[DEBUG] executing operation for cacheL2
[DEBUG] executing operation for cacheL1I
[DEBUG] n di richeiste: 1
[DEBUG] callback scheduler
[DEBUG] processing request 16
[DEBUG] lookup cache
[DEBUG] hit cache
[DEBUG] read single line
[DEBUG] n di richeiste dopo esecuzione: 0
[DEBUG] executing operation for cacheL1D
[DEBUG] CacheManager ticked
[DEBUG] Bus Tick Start
[DEBUG] Device ticked, progress: 1/1
[DEBUG] Executing pipeline operation for the current cycle...
[DEBUG] WRITEBACK STAGE has no valid instruction to process.
[DEBUG] MEMORY STAGE has no valid instruction to process.
[DEBUG] EXECUTE STAGE has no valid instruction to process.
[DEBUG] OPERAND FETCH STAGE processing...
[DEBUG] Decode-OperandFetch buffer has valid instruction.
[DEBUG] Operand Fetchstage processing...
[DEBUG] Instruction is empty. No Operand Fetch needed.
[DEBUG] DECODE STAGE is not ready.
[DEBUG] FETCH STAGE instruction fetch completed.
[DEBUG] Fetching instruction...
[DEBUG] Fetching instruction from memory...
[DEBUG] Searching for cache response for instruction ID: 16
[DEBUG] Byte 0: 0x00000000
[DEBUG] Byte 1: 0x00000000
[DEBUG] Byte 2: 0x00000000
[DEBUG] Byte 3: 0x00000000
[DEBUG] Byte 4: 0x00000000
[DEBUG] Byte 5: 0x00000000
[DEBUG] Byte 6: 0x00000000
[DEBUG] Byte 7: 0x00000000
[DEBUG] Byte 8: 0x00000000
[DEBUG] Byte 9: 0x00000000
[DEBUG] Byte 10: 0x00000000
[DEBUG] Byte 11: 0x00000000
[DEBUG] Byte 12: 0x00000000
[DEBUG] Byte 13: 0x00000000
[DEBUG] Byte 14: 0x00000000
[DEBUG] Byte 15: 0x00000000
[DEBUG] Mod: 0x00000000
[DEBUG] Reg: 0x00000000
[DEBUG] R/M: 0x00000000
[DEBUG] Opcode: 0x00000000
[DEBUG] Prefix Count: 0
[DEBUG] Total Length: 2
[DEBUG] Opcode Length: 1
[DEBUG] Additional Bytes: 1
[DEBUG] Description: ADD r/m8, r8
[DEBUG] Number of Operands: 2
[DEBUG] Operand Length: 1
[DEBUG] Instruction: 
[DEBUG] Byte: 0x00000000
[DEBUG] Byte: 0x00000000
[DEBUG] IR: 0x0000000000000029
[DEBUG] Device ticked, progress: 1/1
[DEBUG] Pipeline ticked
[DEBUG] Device ticked, progress: 1/1
[DEBUG] executing operation for cacheL3
[DEBUG] executing operation for cacheL2
[DEBUG] executing operation for cacheL1I
[DEBUG] executing operation for cacheL1D
[DEBUG] CacheManager ticked
[DEBUG] Bus Tick Start
[DEBUG] Device ticked, progress: 1/1
[DEBUG] Executing pipeline operation for the current cycle...
[DEBUG] WRITEBACK STAGE has no valid instruction to process.
[DEBUG] MEMORY STAGE has no valid instruction to process.
[DEBUG] EXECUTE STAGE has no valid instruction to process.
[DEBUG] OPERAND FETCH STAGE has no valid instruction to process.
[DEBUG] DECODE STAGE processing...
[DEBUG] Fetch-Decode buffer has valid instruction.
[DEBUG] Decoding instruction...
[DEBUG] Decoding instruction: 0x00000000 - 3
[DEBUG] Instruction type: ADD
[DEBUG] Decoded instruction type: ADD
[DEBUG] Instruction decoded and DECODE_COMPLETE event triggered.
[DEBUG] FETCH STAGE processing...
[DEBUG] Incrementing counter
[DEBUG] FetchstageInstructionId: 17
[DEBUG] Starting instruction fetch...
[DEBUG] Starting instruction fetch...
[DEBUG] Fetching instruction at address: 0x0000000000000029
[DEBUG] Cache request sent for instruction fetch.
[DEBUG] FETCH STAGE fetch started.
[DEBUG] Device ticked, progress: 1/1
[DEBUG] Pipeline ticked
[DEBUG] Device ticked, progress: 1/1
[DEBUG] richiesta inserita
[DEBUG] executing operation for cacheL3
[DEBUG] executing operation for cacheL2
[DEBUG] executing operation for cacheL1I
[DEBUG] n di richeiste: 1
[DEBUG] callback scheduler
[DEBUG] processing request 17
[DEBUG] lookup cache
[DEBUG] hit cache
[DEBUG] read single line
[DEBUG] n di richeiste dopo esecuzione: 0
[DEBUG] executing operation for cacheL1D
[DEBUG] CacheManager ticked
